// Vitest Snapshot v1, https://vitest.dev/guide/snapshot.html

exports[`<Modal /> > renders correctly 1`] = `
<div>
  <input
    class="modal-toggle"
    id="cl-0"
    type="checkbox"
  />
  <div
    class="modal"
  >
    <div
      class="modal-box"
    >
      <div
        class="flex flex-col gap-4"
      >
        <div
          class="flex flex-row items-center gap-4 justify-end"
        >
          <button
            class="btn btn-sm btn-circle btn-ghost"
            type="button"
          >
            
            
            âœ•
            
          </button>
        </div>
        oh
      </div>
    </div>
  </div>
</div>
`;
