// Vitest Snapshot v1, https://vitest.dev/guide/snapshot.html

exports[`<Breadcrumbs /> > renders correctly 1`] = `
<div>
  <div
    class="breadcrumbs text-sm"
  >
    <ul>
      <li>
        Foobar
      </li>
      <li>
        BarFoo
      </li>
    </ul>
  </div>
</div>
`;
