// Vitest Snapshot v1, https://vitest.dev/guide/snapshot.html

exports[`<Textarea /> > renders correctly 1`] = `
<div>
  <div
    class="flex flex-col gap-4"
  >
    <textarea
      class="textarea text-inherit"
    />
  </div>
</div>
`;
