// Vitest Snapshot v1, https://vitest.dev/guide/snapshot.html

exports[`<Autocomplete /> > renders correctly 1`] = `
<div>
  <div
    class="flex flex-col gap-0"
  >
    <div
      class="flex flex-col gap-4 input h-auto input-bordered min-h-12 py-2 justify-center text-inherit"
    >
      <div
        class="flex flex-row items-center cursor-[inherit] flex-wrap gap-1"
      >
        <input
          class="pointer-events-auto min-w-6 flex-1 cursor-[inherit] border-none bg-transparent outline-none placeholder-shown:text-ellipsis"
          type="text"
        />
      </div>
    </div>
  </div>
  <div
    class="fixed left-0 top-0 z-[3000] rounded-box border-2 border-base-200 bg-base-100 shadow transition-opacity duration-200 invisible opacity-0"
    data-testid="dropdown"
  >
    <ul
      class="menu max-h-48 flex-nowrap gap-1 overflow-auto"
    />
  </div>
</div>
`;
