// Vitest Snapshot v1, https://vitest.dev/guide/snapshot.html

exports[`<Stack /> > renders correctly 1`] = `
<div>
  <div
    class="flex flex-col gap-4"
  >
    foo
  </div>
</div>
`;
