// Vitest Snapshot v1, https://vitest.dev/guide/snapshot.html

exports[`<Tabs /> > renders correctly 1`] = `
<div>
  <div
    class="tabs"
  >
    <div
      class="tab"
    >
      foo
    </div>
  </div>
</div>
`;
