// Vitest Snapshot v1, https://vitest.dev/guide/snapshot.html

exports[`<Alert /> > renders correctly 1`] = `
<div>
  <div
    class="alert"
  >
    
    foo
    <div>
      <button
        class="btn btn-sm btn-circle btn-ghost"
        type="button"
      >
        
        
        âœ•
        
      </button>
    </div>
  </div>
</div>
`;
