// Vitest Snapshot v1, https://vitest.dev/guide/snapshot.html

exports[`<Input /> > renders correctly 1`] = `
<div>
  <div
    class="flex flex-col gap-0"
  >
    <div
      class="flex flex-col gap-4 justify-center text-inherit input h-auto min-h-12 py-2"
    >
      <div
        class="flex flex-row items-center cursor-[inherit] flex-wrap gap-1"
      >
        <input
          class="pointer-events-auto min-w-6 flex-1 cursor-[inherit] border-none bg-transparent outline-none placeholder-shown:text-ellipsis"
        />
      </div>
    </div>
  </div>
</div>
`;
