// Vitest Snapshot v1, https://vitest.dev/guide/snapshot.html

exports[`<Badge /> > renders correctly 1`] = `
<div>
  <span
    class="badge truncate whitespace-nowrap"
  >
    What's up
  </span>
</div>
`;
