// Vitest Snapshot v1, https://vitest.dev/guide/snapshot.html

exports[`<Loading /> > renders correctly 1`] = `
<div>
  <div
    class="loading loading-spinner"
  />
</div>
`;
